// Jest Snapshot v1, https://goo.gl/fbAQLP

exports[`List Component should render a List 1`] = `
<Fragment>
  <div>
    <button
      onClick={[Function]}
    >
      ←
    </button>
    <span>
      1
      /25
    </span>
    <button
      onClick={[Function]}
    >
      →
    </button>
  </div>
  <ul>
    <li
      key="1"
    >
      <ListItem
        id={1}
        image="Person1.jpeg"
        location="place"
        name="Person 1"
        origin="place"
        species="person1"
        status="dedd"
      />
    </li>
    <li
      key="2"
    >
      <ListItem
        id={2}
        image="Person2.jpeg"
        location="place"
        name="Person 2"
        origin="place"
        species="person1"
        status="dedd"
      />
    </li>
  </ul>
</Fragment>
`;
